// Jest Snapshot v1, https://goo.gl/fbAQLP

exports[`Renders Home without crashing 1`] = `
<DocumentFragment>
  <div>
    <form
      class=""
    >
      <div
        class="flex flex-col w-full md:flex-row md:w-40"
      >
        <label
          for="code"
        >
          Codigo:
        </label>
        <input
          class="border rounded-sm w-full md:w-40 h-10 mx-2 px-3"
          id="code"
          type="text"
          value=""
        />
        <button
          class="rounded bg-blue-500 text-white p-2 m-1"
          type="submit"
        >
          Submit
        </button>
      </div>
    </form>
  </div>
</DocumentFragment>
`;
