// Jest Snapshot v1, https://goo.gl/fbAQLP

exports[`Renders Home without crashing 1`] = `
<DocumentFragment>
  <div>
    <form
      class=""
    >
      <div
        class="form-group"
      >
        <label
          class="form-label"
          for="code"
        >
          Code:
        </label>
        <input
          class="form-control"
          id="code"
          type="text"
          value=""
        />
        <button
          class="btn btn-primary"
          type="submit"
        >
          Submit
        </button>
      </div>
    </form>
  </div>
</DocumentFragment>
`;
