// Jest Snapshot v1, https://goo.gl/fbAQLP

exports[`Renders app without crashing 1`] = `
<DocumentFragment>
  <div>
    <div>
      <form>
        <label
          for="code"
        >
          Code:
        </label>
        <input
          id="code"
          type="text"
          value=""
        />
        <button
          type="submit"
        >
          Submit
        </button>
      </form>
    </div>
    <div />
  </div>
</DocumentFragment>
`;
