// Jest Snapshot v1, https://goo.gl/fbAQLP

exports[`Renders app without crashing 1`] = `
<DocumentFragment>
  <div>
    <div
      class="jumbotron"
    >
      <h1>
        FILEX WORKSHOPS
      </h1>
    </div>
    <div>
      <div>
        <form
          class=""
        >
          <div
            class="form-group"
          >
            <label
              class="form-label"
              for="code"
            >
              Code:
            </label>
            <input
              class="form-control"
              id="code"
              type="text"
              value=""
            />
            <button
              class="btn btn-primary"
              type="submit"
            >
              Submit
            </button>
          </div>
        </form>
      </div>
    </div>
  </div>
</DocumentFragment>
`;
